[2026-06-02T19:44:27.485+0700] {local_task_job_runner.py:123} INFO - ::group::Pre task execution logs
[2026-06-02T19:44:27.531+0700] {taskinstance.py:2613} INFO - Dependencies all met for dep_context=non-requeueable deps ti=<TaskInstance: dbt_mart_pipeline.dim_customers manual__2026-06-02T12:39:29.117718+00:00 [queued]>
[2026-06-02T19:44:27.553+0700] {taskinstance.py:2613} INFO - Dependencies all met for dep_context=requeueable deps ti=<TaskInstance: dbt_mart_pipeline.dim_customers manual__2026-06-02T12:39:29.117718+00:00 [queued]>
[2026-06-02T19:44:27.555+0700] {taskinstance.py:2866} INFO - Starting attempt 2 of 2
[2026-06-02T19:44:27.587+0700] {taskinstance.py:2889} INFO - Executing <Task(BashOperator): dim_customers> on 2026-06-02 12:39:29.117718+00:00
[2026-06-02T19:44:27.609+0700] {logging_mixin.py:190} WARNING - /home/***/.local/lib/python3.12/site-packages/***/task/task_runner/standard_task_runner.py:70 DeprecationWarning: This process (pid=188) is multi-threaded, use of fork() may lead to deadlocks in the child.
[2026-06-02T19:44:27.607+0700] {standard_task_runner.py:104} INFO - Running: ['***', 'tasks', 'run', 'dbt_mart_pipeline', 'dim_customers', 'manual__2026-06-02T12:39:29.117718+00:00', '--job-id', '7', '--raw', '--subdir', 'DAGS_FOLDER/dbt_mart_pipeline.py', '--cfg-path', '/tmp/tmp59st0dfs']
[2026-06-02T19:44:27.613+0700] {standard_task_runner.py:72} INFO - Started process 191 to run task
[2026-06-02T19:44:27.613+0700] {standard_task_runner.py:105} INFO - Job 7: Subtask dim_customers
[2026-06-02T19:44:27.769+0700] {task_command.py:467} INFO - Running <TaskInstance: dbt_mart_pipeline.dim_customers manual__2026-06-02T12:39:29.117718+00:00 [running]> on host de7070a0df7c
[2026-06-02T19:44:27.952+0700] {taskinstance.py:3132} INFO - Exporting env vars: AIRFLOW_CTX_DAG_OWNER='***' AIRFLOW_CTX_DAG_ID='dbt_mart_pipeline' AIRFLOW_CTX_TASK_ID='dim_customers' AIRFLOW_CTX_EXECUTION_DATE='2026-06-02T12:39:29.117718+00:00' AIRFLOW_CTX_TRY_NUMBER='2' AIRFLOW_CTX_DAG_RUN_ID='manual__2026-06-02T12:39:29.117718+00:00'
[2026-06-02T19:44:27.954+0700] {taskinstance.py:731} INFO - ::endgroup::
[2026-06-02T19:44:28.097+0700] {subprocess.py:78} INFO - Tmp dir root location: /tmp
[2026-06-02T19:44:28.102+0700] {subprocess.py:88} INFO - Running command: ['/usr/bin/bash', '-c', 'docker exec dbt_runner dbt run --select dim_customers']
[2026-06-02T19:44:28.134+0700] {subprocess.py:99} INFO - Output:
[2026-06-02T19:44:31.728+0700] {subprocess.py:106} INFO - [0m12:44:31  Running with dbt=1.8.2
[2026-06-02T19:44:31.751+0700] {subprocess.py:106} INFO - [0m12:44:31  Encountered an error:
[2026-06-02T19:44:31.754+0700] {subprocess.py:106} INFO - Runtime Error
[2026-06-02T19:44:31.755+0700] {subprocess.py:106} INFO -   Could not find profile named 'api_dwh'
[2026-06-02T19:44:33.357+0700] {subprocess.py:110} INFO - Command exited with return code 2
[2026-06-02T19:44:33.378+0700] {taskinstance.py:3311} ERROR - Task failed with exception
Traceback (most recent call last):
  File "/home/airflow/.local/lib/python3.12/site-packages/airflow/models/taskinstance.py", line 767, in _execute_task
    result = _execute_callable(context=context, **execute_callable_kwargs)
             ^^^^^^^^^^^^^^^^^^^^^^^^^^^^^^^^^^^^^^^^^^^^^^^^^^^^^^^^^^^^^
  File "/home/airflow/.local/lib/python3.12/site-packages/airflow/models/taskinstance.py", line 733, in _execute_callable
    return ExecutionCallableRunner(
           ^^^^^^^^^^^^^^^^^^^^^^^^
  File "/home/airflow/.local/lib/python3.12/site-packages/airflow/utils/operator_helpers.py", line 252, in run
    return self.func(*args, **kwargs)
           ^^^^^^^^^^^^^^^^^^^^^^^^^^
  File "/home/airflow/.local/lib/python3.12/site-packages/airflow/models/baseoperator.py", line 417, in wrapper
    return func(self, *args, **kwargs)
           ^^^^^^^^^^^^^^^^^^^^^^^^^^^
  File "/home/airflow/.local/lib/python3.12/site-packages/airflow/operators/bash.py", line 276, in execute
    raise AirflowException(
airflow.exceptions.AirflowException: Bash command failed. The command returned a non-zero exit code 2.
[2026-06-02T19:44:33.384+0700] {taskinstance.py:1225} INFO - Marking task as FAILED. dag_id=dbt_mart_pipeline, task_id=dim_customers, run_id=manual__2026-06-02T12:39:29.117718+00:00, execution_date=20260602T123929, start_date=20260602T124427, end_date=20260602T124433
[2026-06-02T19:44:33.408+0700] {taskinstance.py:340} INFO - ::group::Post task execution logs
[2026-06-02T19:44:33.409+0700] {standard_task_runner.py:124} ERROR - Failed to execute job 7 for task dim_customers (Bash command failed. The command returned a non-zero exit code 2.; 191)
Traceback (most recent call last):
  File "/home/airflow/.local/lib/python3.12/site-packages/airflow/task/task_runner/standard_task_runner.py", line 117, in _start_by_fork
    ret = args.func(args, dag=self.dag)
          ^^^^^^^^^^^^^^^^^^^^^^^^^^^^^
  File "/home/airflow/.local/lib/python3.12/site-packages/airflow/cli/cli_config.py", line 49, in command
    return func(*args, **kwargs)
           ^^^^^^^^^^^^^^^^^^^^^
  File "/home/airflow/.local/lib/python3.12/site-packages/airflow/utils/cli.py", line 116, in wrapper
    return f(*args, **kwargs)
           ^^^^^^^^^^^^^^^^^^
  File "/home/airflow/.local/lib/python3.12/site-packages/airflow/cli/commands/task_command.py", line 483, in task_run
    task_return_code = _run_task_by_selected_method(args, _dag, ti)
                       ^^^^^^^^^^^^^^^^^^^^^^^^^^^^^^^^^^^^^^^^^^^^
  File "/home/airflow/.local/lib/python3.12/site-packages/airflow/cli/commands/task_command.py", line 256, in _run_task_by_selected_method
    return _run_raw_task(args, ti)
           ^^^^^^^^^^^^^^^^^^^^^^^
  File "/home/airflow/.local/lib/python3.12/site-packages/airflow/cli/commands/task_command.py", line 341, in _run_raw_task
    return ti._run_raw_task(
           ^^^^^^^^^^^^^^^^^
  File "/home/airflow/.local/lib/python3.12/site-packages/airflow/utils/session.py", line 97, in wrapper
    return func(*args, session=session, **kwargs)
           ^^^^^^^^^^^^^^^^^^^^^^^^^^^^^^^^^^^^^^
  File "/home/airflow/.local/lib/python3.12/site-packages/airflow/models/taskinstance.py", line 3005, in _run_raw_task
    return _run_raw_task(
           ^^^^^^^^^^^^^^
  File "/home/airflow/.local/lib/python3.12/site-packages/airflow/models/taskinstance.py", line 273, in _run_raw_task
    TaskInstance._execute_task_with_callbacks(
  File "/home/airflow/.local/lib/python3.12/site-packages/airflow/models/taskinstance.py", line 3159, in _execute_task_with_callbacks
    result = self._execute_task(context, task_orig)
             ^^^^^^^^^^^^^^^^^^^^^^^^^^^^^^^^^^^^^^
  File "/home/airflow/.local/lib/python3.12/site-packages/airflow/models/taskinstance.py", line 3183, in _execute_task
    return _execute_task(self, context, task_orig)
           ^^^^^^^^^^^^^^^^^^^^^^^^^^^^^^^^^^^^^^^
  File "/home/airflow/.local/lib/python3.12/site-packages/airflow/models/taskinstance.py", line 767, in _execute_task
    result = _execute_callable(context=context, **execute_callable_kwargs)
             ^^^^^^^^^^^^^^^^^^^^^^^^^^^^^^^^^^^^^^^^^^^^^^^^^^^^^^^^^^^^^
  File "/home/airflow/.local/lib/python3.12/site-packages/airflow/models/taskinstance.py", line 733, in _execute_callable
    return ExecutionCallableRunner(
           ^^^^^^^^^^^^^^^^^^^^^^^^
  File "/home/airflow/.local/lib/python3.12/site-packages/airflow/utils/operator_helpers.py", line 252, in run
    return self.func(*args, **kwargs)
           ^^^^^^^^^^^^^^^^^^^^^^^^^^
  File "/home/airflow/.local/lib/python3.12/site-packages/airflow/models/baseoperator.py", line 417, in wrapper
    return func(self, *args, **kwargs)
           ^^^^^^^^^^^^^^^^^^^^^^^^^^^
  File "/home/airflow/.local/lib/python3.12/site-packages/airflow/operators/bash.py", line 276, in execute
    raise AirflowException(
airflow.exceptions.AirflowException: Bash command failed. The command returned a non-zero exit code 2.
[2026-06-02T19:44:33.450+0700] {local_task_job_runner.py:266} INFO - Task exited with return code 1
[2026-06-02T19:44:33.480+0700] {taskinstance.py:3895} INFO - 0 downstream tasks scheduled from follow-on schedule check
[2026-06-02T19:44:33.486+0700] {local_task_job_runner.py:245} INFO - ::endgroup::
