[2026-06-21T18:23:31.801+0700] {local_task_job_runner.py:123} INFO - ::group::Pre task execution logs
[2026-06-21T18:23:31.816+0700] {taskinstance.py:2613} INFO - Dependencies all met for dep_context=non-requeueable deps ti=<TaskInstance: dbt_mart_pipeline.fact_payments manual__2026-06-21T11:23:17.576067+00:00 [queued]>
[2026-06-21T18:23:31.823+0700] {taskinstance.py:2613} INFO - Dependencies all met for dep_context=requeueable deps ti=<TaskInstance: dbt_mart_pipeline.fact_payments manual__2026-06-21T11:23:17.576067+00:00 [queued]>
[2026-06-21T18:23:31.824+0700] {taskinstance.py:2866} INFO - Starting attempt 1 of 2
[2026-06-21T18:23:31.834+0700] {taskinstance.py:2889} INFO - Executing <Task(BashOperator): fact_payments> on 2026-06-21 11:23:17.576067+00:00
[2026-06-21T18:23:31.840+0700] {standard_task_runner.py:104} INFO - Running: ['***', 'tasks', 'run', 'dbt_mart_pipeline', 'fact_payments', 'manual__2026-06-21T11:23:17.576067+00:00', '--job-id', '5', '--raw', '--subdir', 'DAGS_FOLDER/dbt_mart_pipeline.py', '--cfg-path', '/tmp/tmpgkvylcvg']
[2026-06-21T18:23:31.841+0700] {logging_mixin.py:190} WARNING - /home/***/.local/lib/python3.12/site-packages/***/task/task_runner/standard_task_runner.py:70 DeprecationWarning: This process (pid=246) is multi-threaded, use of fork() may lead to deadlocks in the child.
[2026-06-21T18:23:31.843+0700] {standard_task_runner.py:105} INFO - Job 5: Subtask fact_payments
[2026-06-21T18:23:31.843+0700] {standard_task_runner.py:72} INFO - Started process 247 to run task
[2026-06-21T18:23:31.886+0700] {task_command.py:467} INFO - Running <TaskInstance: dbt_mart_pipeline.fact_payments manual__2026-06-21T11:23:17.576067+00:00 [running]> on host 2a46b76c3517
[2026-06-21T18:23:31.947+0700] {taskinstance.py:3132} INFO - Exporting env vars: AIRFLOW_CTX_DAG_OWNER='***' AIRFLOW_CTX_DAG_ID='dbt_mart_pipeline' AIRFLOW_CTX_TASK_ID='fact_payments' AIRFLOW_CTX_EXECUTION_DATE='2026-06-21T11:23:17.576067+00:00' AIRFLOW_CTX_TRY_NUMBER='1' AIRFLOW_CTX_DAG_RUN_ID='manual__2026-06-21T11:23:17.576067+00:00'
[2026-06-21T18:23:31.948+0700] {taskinstance.py:731} INFO - ::endgroup::
[2026-06-21T18:23:31.961+0700] {subprocess.py:78} INFO - Tmp dir root location: /tmp
[2026-06-21T18:23:31.963+0700] {subprocess.py:88} INFO - Running command: ['/usr/bin/bash', '-c', 'docker exec dbt_runner dbt run --select fact_payments']
[2026-06-21T18:23:31.970+0700] {subprocess.py:99} INFO - Output:
[2026-06-21T18:23:32.893+0700] {subprocess.py:106} INFO - [0m11:23:32  Running with dbt=1.8.2
[2026-06-21T18:23:33.029+0700] {subprocess.py:106} INFO - [0m11:23:33  Registered adapter: postgres=1.8.2
[2026-06-21T18:23:33.431+0700] {subprocess.py:106} INFO - [0m11:23:33  Found 4 models, 6 data tests, 428 macros
[2026-06-21T18:23:33.434+0700] {subprocess.py:106} INFO - [0m11:23:33
[2026-06-21T18:23:34.229+0700] {subprocess.py:106} INFO - [0m11:23:34  Concurrency: 1 threads (target='dev')
[2026-06-21T18:23:34.232+0700] {subprocess.py:106} INFO - [0m11:23:34
[2026-06-21T18:23:34.238+0700] {subprocess.py:106} INFO - [0m11:23:34  1 of 1 START sql table model mart.fact_payments ................................ [RUN]
[2026-06-21T18:23:35.325+0700] {subprocess.py:106} INFO - [0m11:23:35  1 of 1 OK created sql table model mart.fact_payments ........................... [[32mSELECT 280[0m in 1.08s]
[2026-06-21T18:23:35.526+0700] {subprocess.py:106} INFO - [0m11:23:35
[2026-06-21T18:23:35.529+0700] {subprocess.py:106} INFO - [0m11:23:35  Finished running 1 table model in 0 hours 0 minutes and 2.09 seconds (2.09s).
[2026-06-21T18:23:35.581+0700] {subprocess.py:106} INFO - [0m11:23:35
[2026-06-21T18:23:35.582+0700] {subprocess.py:106} INFO - [0m11:23:35  [32mCompleted successfully[0m
[2026-06-21T18:23:35.583+0700] {subprocess.py:106} INFO - [0m11:23:35
[2026-06-21T18:23:35.585+0700] {subprocess.py:106} INFO - [0m11:23:35  Done. PASS=1 WARN=0 ERROR=0 SKIP=0 TOTAL=1
[2026-06-21T18:23:36.952+0700] {subprocess.py:110} INFO - Command exited with return code 0
[2026-06-21T18:23:36.975+0700] {taskinstance.py:340} INFO - ::group::Post task execution logs
[2026-06-21T18:23:36.977+0700] {taskinstance.py:352} INFO - Marking task as SUCCESS. dag_id=dbt_mart_pipeline, task_id=fact_payments, run_id=manual__2026-06-21T11:23:17.576067+00:00, execution_date=20260621T112317, start_date=20260621T112331, end_date=20260621T112336
[2026-06-21T18:23:37.007+0700] {local_task_job_runner.py:266} INFO - Task exited with return code 0
[2026-06-21T18:23:37.024+0700] {taskinstance.py:3895} INFO - 1 downstream tasks scheduled from follow-on schedule check
[2026-06-21T18:23:37.027+0700] {local_task_job_runner.py:245} INFO - ::endgroup::
