[2026-06-21T18:23:25.783+0700] {local_task_job_runner.py:123} INFO - ::group::Pre task execution logs
[2026-06-21T18:23:25.799+0700] {taskinstance.py:2613} INFO - Dependencies all met for dep_context=non-requeueable deps ti=<TaskInstance: dbt_mart_pipeline.fact_orders manual__2026-06-21T11:23:17.576067+00:00 [queued]>
[2026-06-21T18:23:25.809+0700] {taskinstance.py:2613} INFO - Dependencies all met for dep_context=requeueable deps ti=<TaskInstance: dbt_mart_pipeline.fact_orders manual__2026-06-21T11:23:17.576067+00:00 [queued]>
[2026-06-21T18:23:25.810+0700] {taskinstance.py:2866} INFO - Starting attempt 1 of 2
[2026-06-21T18:23:25.821+0700] {taskinstance.py:2889} INFO - Executing <Task(BashOperator): fact_orders> on 2026-06-21 11:23:17.576067+00:00
[2026-06-21T18:23:25.830+0700] {logging_mixin.py:190} WARNING - /home/***/.local/lib/python3.12/site-packages/***/task/task_runner/standard_task_runner.py:70 DeprecationWarning: This process (pid=233) is multi-threaded, use of fork() may lead to deadlocks in the child.
[2026-06-21T18:23:25.829+0700] {standard_task_runner.py:104} INFO - Running: ['***', 'tasks', 'run', 'dbt_mart_pipeline', 'fact_orders', 'manual__2026-06-21T11:23:17.576067+00:00', '--job-id', '4', '--raw', '--subdir', 'DAGS_FOLDER/dbt_mart_pipeline.py', '--cfg-path', '/tmp/tmpwjtqtcz4']
[2026-06-21T18:23:25.832+0700] {standard_task_runner.py:72} INFO - Started process 234 to run task
[2026-06-21T18:23:25.833+0700] {standard_task_runner.py:105} INFO - Job 4: Subtask fact_orders
[2026-06-21T18:23:25.879+0700] {task_command.py:467} INFO - Running <TaskInstance: dbt_mart_pipeline.fact_orders manual__2026-06-21T11:23:17.576067+00:00 [running]> on host 2a46b76c3517
[2026-06-21T18:23:25.946+0700] {taskinstance.py:3132} INFO - Exporting env vars: AIRFLOW_CTX_DAG_OWNER='***' AIRFLOW_CTX_DAG_ID='dbt_mart_pipeline' AIRFLOW_CTX_TASK_ID='fact_orders' AIRFLOW_CTX_EXECUTION_DATE='2026-06-21T11:23:17.576067+00:00' AIRFLOW_CTX_TRY_NUMBER='1' AIRFLOW_CTX_DAG_RUN_ID='manual__2026-06-21T11:23:17.576067+00:00'
[2026-06-21T18:23:25.948+0700] {taskinstance.py:731} INFO - ::endgroup::
[2026-06-21T18:23:25.963+0700] {subprocess.py:78} INFO - Tmp dir root location: /tmp
[2026-06-21T18:23:25.965+0700] {subprocess.py:88} INFO - Running command: ['/usr/bin/bash', '-c', 'docker exec dbt_runner dbt run --select fact_orders']
[2026-06-21T18:23:25.973+0700] {subprocess.py:99} INFO - Output:
[2026-06-21T18:23:26.972+0700] {subprocess.py:106} INFO - [0m11:23:26  Running with dbt=1.8.2
[2026-06-21T18:23:27.152+0700] {subprocess.py:106} INFO - [0m11:23:27  Registered adapter: postgres=1.8.2
[2026-06-21T18:23:27.586+0700] {subprocess.py:106} INFO - [0m11:23:27  Found 4 models, 6 data tests, 428 macros
[2026-06-21T18:23:27.590+0700] {subprocess.py:106} INFO - [0m11:23:27
[2026-06-21T18:23:28.468+0700] {subprocess.py:106} INFO - [0m11:23:28  Concurrency: 1 threads (target='dev')
[2026-06-21T18:23:28.470+0700] {subprocess.py:106} INFO - [0m11:23:28
[2026-06-21T18:23:28.476+0700] {subprocess.py:106} INFO - [0m11:23:28  1 of 1 START sql table model mart.fact_orders .................................. [RUN]
[2026-06-21T18:23:29.524+0700] {subprocess.py:106} INFO - [0m11:23:29  1 of 1 OK created sql table model mart.fact_orders ............................. [[32mSELECT 280[0m in 1.04s]
[2026-06-21T18:23:29.730+0700] {subprocess.py:106} INFO - [0m11:23:29
[2026-06-21T18:23:29.732+0700] {subprocess.py:106} INFO - [0m11:23:29  Finished running 1 table model in 0 hours 0 minutes and 2.14 seconds (2.14s).
[2026-06-21T18:23:29.783+0700] {subprocess.py:106} INFO - [0m11:23:29
[2026-06-21T18:23:29.784+0700] {subprocess.py:106} INFO - [0m11:23:29  [32mCompleted successfully[0m
[2026-06-21T18:23:29.785+0700] {subprocess.py:106} INFO - [0m11:23:29
[2026-06-21T18:23:29.786+0700] {subprocess.py:106} INFO - [0m11:23:29  Done. PASS=1 WARN=0 ERROR=0 SKIP=0 TOTAL=1
[2026-06-21T18:23:31.234+0700] {subprocess.py:110} INFO - Command exited with return code 0
[2026-06-21T18:23:31.255+0700] {taskinstance.py:340} INFO - ::group::Post task execution logs
[2026-06-21T18:23:31.257+0700] {taskinstance.py:352} INFO - Marking task as SUCCESS. dag_id=dbt_mart_pipeline, task_id=fact_orders, run_id=manual__2026-06-21T11:23:17.576067+00:00, execution_date=20260621T112317, start_date=20260621T112325, end_date=20260621T112331
[2026-06-21T18:23:31.285+0700] {local_task_job_runner.py:266} INFO - Task exited with return code 0
[2026-06-21T18:23:31.304+0700] {taskinstance.py:3895} INFO - 1 downstream tasks scheduled from follow-on schedule check
[2026-06-21T18:23:31.307+0700] {local_task_job_runner.py:245} INFO - ::endgroup::
