[2026-06-02T21:14:51.379+0700] {local_task_job_runner.py:123} INFO - ::group::Pre task execution logs
[2026-06-02T21:14:51.404+0700] {taskinstance.py:2613} INFO - Dependencies all met for dep_context=non-requeueable deps ti=<TaskInstance: dbt_mart_pipeline.fact_sales_summary manual__2026-06-02T14:14:29.192473+00:00 [queued]>
[2026-06-02T21:14:51.417+0700] {taskinstance.py:2613} INFO - Dependencies all met for dep_context=requeueable deps ti=<TaskInstance: dbt_mart_pipeline.fact_sales_summary manual__2026-06-02T14:14:29.192473+00:00 [queued]>
[2026-06-02T21:14:51.418+0700] {taskinstance.py:2866} INFO - Starting attempt 1 of 2
[2026-06-02T21:14:51.436+0700] {taskinstance.py:2889} INFO - Executing <Task(BashOperator): fact_sales_summary> on 2026-06-02 14:14:29.192473+00:00
[2026-06-02T21:14:51.446+0700] {logging_mixin.py:190} WARNING - /home/***/.local/lib/python3.12/site-packages/***/task/task_runner/standard_task_runner.py:70 DeprecationWarning: This process (pid=1141) is multi-threaded, use of fork() may lead to deadlocks in the child.
[2026-06-02T21:14:51.448+0700] {standard_task_runner.py:72} INFO - Started process 1142 to run task
[2026-06-02T21:14:51.446+0700] {standard_task_runner.py:104} INFO - Running: ['***', 'tasks', 'run', 'dbt_mart_pipeline', 'fact_sales_summary', 'manual__2026-06-02T14:14:29.192473+00:00', '--job-id', '19', '--raw', '--subdir', 'DAGS_FOLDER/dbt_mart_pipeline.py', '--cfg-path', '/tmp/tmpteo3auf0']
[2026-06-02T21:14:51.449+0700] {standard_task_runner.py:105} INFO - Job 19: Subtask fact_sales_summary
[2026-06-02T21:14:51.514+0700] {task_command.py:467} INFO - Running <TaskInstance: dbt_mart_pipeline.fact_sales_summary manual__2026-06-02T14:14:29.192473+00:00 [running]> on host f8ff8ebf72d1
[2026-06-02T21:14:51.626+0700] {taskinstance.py:3132} INFO - Exporting env vars: AIRFLOW_CTX_DAG_OWNER='***' AIRFLOW_CTX_DAG_ID='dbt_mart_pipeline' AIRFLOW_CTX_TASK_ID='fact_sales_summary' AIRFLOW_CTX_EXECUTION_DATE='2026-06-02T14:14:29.192473+00:00' AIRFLOW_CTX_TRY_NUMBER='1' AIRFLOW_CTX_DAG_RUN_ID='manual__2026-06-02T14:14:29.192473+00:00'
[2026-06-02T21:14:51.627+0700] {taskinstance.py:731} INFO - ::endgroup::
[2026-06-02T21:14:51.648+0700] {subprocess.py:78} INFO - Tmp dir root location: /tmp
[2026-06-02T21:14:51.650+0700] {subprocess.py:88} INFO - Running command: ['/usr/bin/bash', '-c', 'docker exec dbt_runner dbt run --select fact_sales_summary']
[2026-06-02T21:14:51.661+0700] {subprocess.py:99} INFO - Output:
[2026-06-02T21:14:53.649+0700] {subprocess.py:106} INFO - [0m14:14:53  Running with dbt=1.8.2
[2026-06-02T21:14:53.904+0700] {subprocess.py:106} INFO - [0m14:14:53  Registered adapter: postgres=1.8.2
[2026-06-02T21:14:54.651+0700] {subprocess.py:106} INFO - [0m14:14:54  Found 4 models, 6 data tests, 428 macros
[2026-06-02T21:14:54.655+0700] {subprocess.py:106} INFO - [0m14:14:54
[2026-06-02T21:14:55.499+0700] {subprocess.py:106} INFO - [0m14:14:55  Concurrency: 1 threads (target='dev')
[2026-06-02T21:14:55.501+0700] {subprocess.py:106} INFO - [0m14:14:55
[2026-06-02T21:14:55.510+0700] {subprocess.py:106} INFO - [0m14:14:55  1 of 1 START sql table model mart.fact_sales_summary ........................... [RUN]
[2026-06-02T21:14:56.307+0700] {subprocess.py:106} INFO - [0m14:14:56  1 of 1 OK created sql table model mart.fact_sales_summary ...................... [[32mSELECT 2[0m in 0.79s]
[2026-06-02T21:14:56.460+0700] {subprocess.py:106} INFO - [0m14:14:56
[2026-06-02T21:14:56.461+0700] {subprocess.py:106} INFO - [0m14:14:56  Finished running 1 table model in 0 hours 0 minutes and 1.80 seconds (1.80s).
[2026-06-02T21:14:56.509+0700] {subprocess.py:106} INFO - [0m14:14:56
[2026-06-02T21:14:56.510+0700] {subprocess.py:106} INFO - [0m14:14:56  [32mCompleted successfully[0m
[2026-06-02T21:14:56.511+0700] {subprocess.py:106} INFO - [0m14:14:56
[2026-06-02T21:14:56.513+0700] {subprocess.py:106} INFO - [0m14:14:56  Done. PASS=1 WARN=0 ERROR=0 SKIP=0 TOTAL=1
[2026-06-02T21:14:58.020+0700] {subprocess.py:110} INFO - Command exited with return code 0
[2026-06-02T21:14:58.055+0700] {taskinstance.py:340} INFO - ::group::Post task execution logs
[2026-06-02T21:14:58.056+0700] {taskinstance.py:352} INFO - Marking task as SUCCESS. dag_id=dbt_mart_pipeline, task_id=fact_sales_summary, run_id=manual__2026-06-02T14:14:29.192473+00:00, execution_date=20260602T141429, start_date=20260602T141451, end_date=20260602T141458
[2026-06-02T21:14:58.112+0700] {local_task_job_runner.py:266} INFO - Task exited with return code 0
[2026-06-02T21:14:58.136+0700] {taskinstance.py:3895} INFO - 0 downstream tasks scheduled from follow-on schedule check
[2026-06-02T21:14:58.139+0700] {local_task_job_runner.py:245} INFO - ::endgroup::
