[2026-06-02T21:14:45.275+0700] {local_task_job_runner.py:123} INFO - ::group::Pre task execution logs
[2026-06-02T21:14:45.297+0700] {taskinstance.py:2613} INFO - Dependencies all met for dep_context=non-requeueable deps ti=<TaskInstance: dbt_mart_pipeline.fact_payments manual__2026-06-02T14:14:29.192473+00:00 [queued]>
[2026-06-02T21:14:45.307+0700] {taskinstance.py:2613} INFO - Dependencies all met for dep_context=requeueable deps ti=<TaskInstance: dbt_mart_pipeline.fact_payments manual__2026-06-02T14:14:29.192473+00:00 [queued]>
[2026-06-02T21:14:45.308+0700] {taskinstance.py:2866} INFO - Starting attempt 1 of 2
[2026-06-02T21:14:45.324+0700] {taskinstance.py:2889} INFO - Executing <Task(BashOperator): fact_payments> on 2026-06-02 14:14:29.192473+00:00
[2026-06-02T21:14:45.333+0700] {logging_mixin.py:190} WARNING - /home/***/.local/lib/python3.12/site-packages/***/task/task_runner/standard_task_runner.py:70 DeprecationWarning: This process (pid=1128) is multi-threaded, use of fork() may lead to deadlocks in the child.
[2026-06-02T21:14:45.335+0700] {standard_task_runner.py:72} INFO - Started process 1129 to run task
[2026-06-02T21:14:45.333+0700] {standard_task_runner.py:104} INFO - Running: ['***', 'tasks', 'run', 'dbt_mart_pipeline', 'fact_payments', 'manual__2026-06-02T14:14:29.192473+00:00', '--job-id', '18', '--raw', '--subdir', 'DAGS_FOLDER/dbt_mart_pipeline.py', '--cfg-path', '/tmp/tmpnj7f2e33']
[2026-06-02T21:14:45.336+0700] {standard_task_runner.py:105} INFO - Job 18: Subtask fact_payments
[2026-06-02T21:14:45.394+0700] {task_command.py:467} INFO - Running <TaskInstance: dbt_mart_pipeline.fact_payments manual__2026-06-02T14:14:29.192473+00:00 [running]> on host f8ff8ebf72d1
[2026-06-02T21:14:45.487+0700] {taskinstance.py:3132} INFO - Exporting env vars: AIRFLOW_CTX_DAG_OWNER='***' AIRFLOW_CTX_DAG_ID='dbt_mart_pipeline' AIRFLOW_CTX_TASK_ID='fact_payments' AIRFLOW_CTX_EXECUTION_DATE='2026-06-02T14:14:29.192473+00:00' AIRFLOW_CTX_TRY_NUMBER='1' AIRFLOW_CTX_DAG_RUN_ID='manual__2026-06-02T14:14:29.192473+00:00'
[2026-06-02T21:14:45.490+0700] {taskinstance.py:731} INFO - ::endgroup::
[2026-06-02T21:14:45.509+0700] {subprocess.py:78} INFO - Tmp dir root location: /tmp
[2026-06-02T21:14:45.510+0700] {subprocess.py:88} INFO - Running command: ['/usr/bin/bash', '-c', 'docker exec dbt_runner dbt run --select fact_payments']
[2026-06-02T21:14:45.520+0700] {subprocess.py:99} INFO - Output:
[2026-06-02T21:14:46.883+0700] {subprocess.py:106} INFO - [0m14:14:46  Running with dbt=1.8.2
[2026-06-02T21:14:47.133+0700] {subprocess.py:106} INFO - [0m14:14:47  Registered adapter: postgres=1.8.2
[2026-06-02T21:14:47.725+0700] {subprocess.py:106} INFO - [0m14:14:47  Found 4 models, 6 data tests, 428 macros
[2026-06-02T21:14:47.729+0700] {subprocess.py:106} INFO - [0m14:14:47
[2026-06-02T21:14:48.398+0700] {subprocess.py:106} INFO - [0m14:14:48  Concurrency: 1 threads (target='dev')
[2026-06-02T21:14:48.399+0700] {subprocess.py:106} INFO - [0m14:14:48
[2026-06-02T21:14:48.407+0700] {subprocess.py:106} INFO - [0m14:14:48  1 of 1 START sql table model mart.fact_payments ................................ [RUN]
[2026-06-02T21:14:49.208+0700] {subprocess.py:106} INFO - [0m14:14:49  1 of 1 OK created sql table model mart.fact_payments ........................... [[32mSELECT 280[0m in 0.79s]
[2026-06-02T21:14:49.364+0700] {subprocess.py:106} INFO - [0m14:14:49
[2026-06-02T21:14:49.364+0700] {subprocess.py:106} INFO - [0m14:14:49  Finished running 1 table model in 0 hours 0 minutes and 1.63 seconds (1.63s).
[2026-06-02T21:14:49.409+0700] {subprocess.py:106} INFO - [0m14:14:49
[2026-06-02T21:14:49.410+0700] {subprocess.py:106} INFO - [0m14:14:49  [32mCompleted successfully[0m
[2026-06-02T21:14:49.412+0700] {subprocess.py:106} INFO - [0m14:14:49
[2026-06-02T21:14:49.414+0700] {subprocess.py:106} INFO - [0m14:14:49  Done. PASS=1 WARN=0 ERROR=0 SKIP=0 TOTAL=1
[2026-06-02T21:14:50.932+0700] {subprocess.py:110} INFO - Command exited with return code 0
[2026-06-02T21:14:50.975+0700] {taskinstance.py:340} INFO - ::group::Post task execution logs
[2026-06-02T21:14:50.978+0700] {taskinstance.py:352} INFO - Marking task as SUCCESS. dag_id=dbt_mart_pipeline, task_id=fact_payments, run_id=manual__2026-06-02T14:14:29.192473+00:00, execution_date=20260602T141429, start_date=20260602T141445, end_date=20260602T141450
[2026-06-02T21:14:51.037+0700] {local_task_job_runner.py:266} INFO - Task exited with return code 0
[2026-06-02T21:14:51.086+0700] {taskinstance.py:3895} INFO - 1 downstream tasks scheduled from follow-on schedule check
[2026-06-02T21:14:51.089+0700] {local_task_job_runner.py:245} INFO - ::endgroup::
