[2026-06-21T18:23:37.730+0700] {local_task_job_runner.py:123} INFO - ::group::Pre task execution logs
[2026-06-21T18:23:37.745+0700] {taskinstance.py:2613} INFO - Dependencies all met for dep_context=non-requeueable deps ti=<TaskInstance: dbt_mart_pipeline.fact_sales_summary manual__2026-06-21T11:23:17.576067+00:00 [queued]>
[2026-06-21T18:23:37.752+0700] {taskinstance.py:2613} INFO - Dependencies all met for dep_context=requeueable deps ti=<TaskInstance: dbt_mart_pipeline.fact_sales_summary manual__2026-06-21T11:23:17.576067+00:00 [queued]>
[2026-06-21T18:23:37.754+0700] {taskinstance.py:2866} INFO - Starting attempt 1 of 2
[2026-06-21T18:23:37.766+0700] {taskinstance.py:2889} INFO - Executing <Task(BashOperator): fact_sales_summary> on 2026-06-21 11:23:17.576067+00:00
[2026-06-21T18:23:37.773+0700] {logging_mixin.py:190} WARNING - /home/***/.local/lib/python3.12/site-packages/***/task/task_runner/standard_task_runner.py:70 DeprecationWarning: This process (pid=258) is multi-threaded, use of fork() may lead to deadlocks in the child.
[2026-06-21T18:23:37.773+0700] {standard_task_runner.py:104} INFO - Running: ['***', 'tasks', 'run', 'dbt_mart_pipeline', 'fact_sales_summary', 'manual__2026-06-21T11:23:17.576067+00:00', '--job-id', '6', '--raw', '--subdir', 'DAGS_FOLDER/dbt_mart_pipeline.py', '--cfg-path', '/tmp/tmpv4n4jva_']
[2026-06-21T18:23:37.776+0700] {standard_task_runner.py:72} INFO - Started process 259 to run task
[2026-06-21T18:23:37.777+0700] {standard_task_runner.py:105} INFO - Job 6: Subtask fact_sales_summary
[2026-06-21T18:23:37.819+0700] {task_command.py:467} INFO - Running <TaskInstance: dbt_mart_pipeline.fact_sales_summary manual__2026-06-21T11:23:17.576067+00:00 [running]> on host 2a46b76c3517
[2026-06-21T18:23:37.879+0700] {taskinstance.py:3132} INFO - Exporting env vars: AIRFLOW_CTX_DAG_OWNER='***' AIRFLOW_CTX_DAG_ID='dbt_mart_pipeline' AIRFLOW_CTX_TASK_ID='fact_sales_summary' AIRFLOW_CTX_EXECUTION_DATE='2026-06-21T11:23:17.576067+00:00' AIRFLOW_CTX_TRY_NUMBER='1' AIRFLOW_CTX_DAG_RUN_ID='manual__2026-06-21T11:23:17.576067+00:00'
[2026-06-21T18:23:37.880+0700] {taskinstance.py:731} INFO - ::endgroup::
[2026-06-21T18:23:37.892+0700] {subprocess.py:78} INFO - Tmp dir root location: /tmp
[2026-06-21T18:23:37.893+0700] {subprocess.py:88} INFO - Running command: ['/usr/bin/bash', '-c', 'docker exec dbt_runner dbt run --select fact_sales_summary']
[2026-06-21T18:23:37.901+0700] {subprocess.py:99} INFO - Output:
[2026-06-21T18:23:38.815+0700] {subprocess.py:106} INFO - [0m11:23:38  Running with dbt=1.8.2
[2026-06-21T18:23:38.956+0700] {subprocess.py:106} INFO - [0m11:23:38  Registered adapter: postgres=1.8.2
[2026-06-21T18:23:39.437+0700] {subprocess.py:106} INFO - [0m11:23:39  Found 4 models, 6 data tests, 428 macros
[2026-06-21T18:23:39.440+0700] {subprocess.py:106} INFO - [0m11:23:39
[2026-06-21T18:23:40.334+0700] {subprocess.py:106} INFO - [0m11:23:40  Concurrency: 1 threads (target='dev')
[2026-06-21T18:23:40.335+0700] {subprocess.py:106} INFO - [0m11:23:40
[2026-06-21T18:23:40.341+0700] {subprocess.py:106} INFO - [0m11:23:40  1 of 1 START sql table model mart.fact_sales_summary ........................... [RUN]
[2026-06-21T18:23:42.206+0700] {subprocess.py:106} INFO - [0m11:23:42  1 of 1 OK created sql table model mart.fact_sales_summary ...................... [[32mSELECT 2[0m in 1.86s]
[2026-06-21T18:23:42.414+0700] {subprocess.py:106} INFO - [0m11:23:42
[2026-06-21T18:23:42.416+0700] {subprocess.py:106} INFO - [0m11:23:42  Finished running 1 table model in 0 hours 0 minutes and 2.97 seconds (2.97s).
[2026-06-21T18:23:42.475+0700] {subprocess.py:106} INFO - [0m11:23:42
[2026-06-21T18:23:42.477+0700] {subprocess.py:106} INFO - [0m11:23:42  [32mCompleted successfully[0m
[2026-06-21T18:23:42.478+0700] {subprocess.py:106} INFO - [0m11:23:42
[2026-06-21T18:23:42.479+0700] {subprocess.py:106} INFO - [0m11:23:42  Done. PASS=1 WARN=0 ERROR=0 SKIP=0 TOTAL=1
[2026-06-21T18:23:43.862+0700] {subprocess.py:110} INFO - Command exited with return code 0
[2026-06-21T18:23:43.886+0700] {taskinstance.py:340} INFO - ::group::Post task execution logs
[2026-06-21T18:23:43.888+0700] {taskinstance.py:352} INFO - Marking task as SUCCESS. dag_id=dbt_mart_pipeline, task_id=fact_sales_summary, run_id=manual__2026-06-21T11:23:17.576067+00:00, execution_date=20260621T112317, start_date=20260621T112337, end_date=20260621T112343
[2026-06-21T18:23:43.917+0700] {local_task_job_runner.py:266} INFO - Task exited with return code 0
[2026-06-21T18:23:43.929+0700] {taskinstance.py:3895} INFO - 0 downstream tasks scheduled from follow-on schedule check
[2026-06-21T18:23:43.932+0700] {local_task_job_runner.py:245} INFO - ::endgroup::
