[2026-06-21T18:23:18.648+0700] {local_task_job_runner.py:123} INFO - ::group::Pre task execution logs
[2026-06-21T18:23:18.663+0700] {taskinstance.py:2613} INFO - Dependencies all met for dep_context=non-requeueable deps ti=<TaskInstance: dbt_mart_pipeline.dim_customers manual__2026-06-21T11:23:17.576067+00:00 [queued]>
[2026-06-21T18:23:18.671+0700] {taskinstance.py:2613} INFO - Dependencies all met for dep_context=requeueable deps ti=<TaskInstance: dbt_mart_pipeline.dim_customers manual__2026-06-21T11:23:17.576067+00:00 [queued]>
[2026-06-21T18:23:18.672+0700] {taskinstance.py:2866} INFO - Starting attempt 1 of 2
[2026-06-21T18:23:18.684+0700] {taskinstance.py:2889} INFO - Executing <Task(BashOperator): dim_customers> on 2026-06-21 11:23:17.576067+00:00
[2026-06-21T18:23:18.689+0700] {standard_task_runner.py:104} INFO - Running: ['***', 'tasks', 'run', 'dbt_mart_pipeline', 'dim_customers', 'manual__2026-06-21T11:23:17.576067+00:00', '--job-id', '3', '--raw', '--subdir', 'DAGS_FOLDER/dbt_mart_pipeline.py', '--cfg-path', '/tmp/tmptovtk_1c']
[2026-06-21T18:23:18.690+0700] {logging_mixin.py:190} WARNING - /home/***/.local/lib/python3.12/site-packages/***/task/task_runner/standard_task_runner.py:70 DeprecationWarning: This process (pid=220) is multi-threaded, use of fork() may lead to deadlocks in the child.
[2026-06-21T18:23:18.692+0700] {standard_task_runner.py:105} INFO - Job 3: Subtask dim_customers
[2026-06-21T18:23:18.693+0700] {standard_task_runner.py:72} INFO - Started process 221 to run task
[2026-06-21T18:23:18.741+0700] {task_command.py:467} INFO - Running <TaskInstance: dbt_mart_pipeline.dim_customers manual__2026-06-21T11:23:17.576067+00:00 [running]> on host 2a46b76c3517
[2026-06-21T18:23:18.820+0700] {taskinstance.py:3132} INFO - Exporting env vars: AIRFLOW_CTX_DAG_OWNER='***' AIRFLOW_CTX_DAG_ID='dbt_mart_pipeline' AIRFLOW_CTX_TASK_ID='dim_customers' AIRFLOW_CTX_EXECUTION_DATE='2026-06-21T11:23:17.576067+00:00' AIRFLOW_CTX_TRY_NUMBER='1' AIRFLOW_CTX_DAG_RUN_ID='manual__2026-06-21T11:23:17.576067+00:00'
[2026-06-21T18:23:18.821+0700] {taskinstance.py:731} INFO - ::endgroup::
[2026-06-21T18:23:18.857+0700] {subprocess.py:78} INFO - Tmp dir root location: /tmp
[2026-06-21T18:23:18.859+0700] {subprocess.py:88} INFO - Running command: ['/usr/bin/bash', '-c', 'docker exec dbt_runner dbt run --select dim_customers']
[2026-06-21T18:23:18.866+0700] {subprocess.py:99} INFO - Output:
[2026-06-21T18:23:20.441+0700] {subprocess.py:106} INFO - [0m11:23:20  Running with dbt=1.8.2
[2026-06-21T18:23:20.606+0700] {subprocess.py:106} INFO - [0m11:23:20  Registered adapter: postgres=1.8.2
[2026-06-21T18:23:20.972+0700] {subprocess.py:106} INFO - [0m11:23:20  Found 4 models, 6 data tests, 428 macros
[2026-06-21T18:23:20.978+0700] {subprocess.py:106} INFO - [0m11:23:20
[2026-06-21T18:23:21.857+0700] {subprocess.py:106} INFO - [0m11:23:21  Concurrency: 1 threads (target='dev')
[2026-06-21T18:23:21.859+0700] {subprocess.py:106} INFO - [0m11:23:21
[2026-06-21T18:23:21.871+0700] {subprocess.py:106} INFO - [0m11:23:21  1 of 1 START sql table model mart.dim_customers ................................ [RUN]
[2026-06-21T18:23:22.821+0700] {subprocess.py:106} INFO - [0m11:23:22  1 of 1 OK created sql table model mart.dim_customers ........................... [[32mSELECT 103[0m in 0.95s]
[2026-06-21T18:23:22.966+0700] {subprocess.py:106} INFO - [0m11:23:22
[2026-06-21T18:23:22.969+0700] {subprocess.py:106} INFO - [0m11:23:22  Finished running 1 table model in 0 hours 0 minutes and 1.99 seconds (1.99s).
[2026-06-21T18:23:23.033+0700] {subprocess.py:106} INFO - [0m11:23:23
[2026-06-21T18:23:23.035+0700] {subprocess.py:106} INFO - [0m11:23:23  [32mCompleted successfully[0m
[2026-06-21T18:23:23.036+0700] {subprocess.py:106} INFO - [0m11:23:23
[2026-06-21T18:23:23.038+0700] {subprocess.py:106} INFO - [0m11:23:23  Done. PASS=1 WARN=0 ERROR=0 SKIP=0 TOTAL=1
[2026-06-21T18:23:24.757+0700] {subprocess.py:110} INFO - Command exited with return code 0
[2026-06-21T18:23:24.779+0700] {taskinstance.py:340} INFO - ::group::Post task execution logs
[2026-06-21T18:23:24.780+0700] {taskinstance.py:352} INFO - Marking task as SUCCESS. dag_id=dbt_mart_pipeline, task_id=dim_customers, run_id=manual__2026-06-21T11:23:17.576067+00:00, execution_date=20260621T112317, start_date=20260621T112318, end_date=20260621T112324
[2026-06-21T18:23:24.826+0700] {local_task_job_runner.py:266} INFO - Task exited with return code 0
[2026-06-21T18:23:24.847+0700] {taskinstance.py:3895} INFO - 1 downstream tasks scheduled from follow-on schedule check
[2026-06-21T18:23:24.850+0700] {local_task_job_runner.py:245} INFO - ::endgroup::
