[2026-06-02T19:57:03.470+0700] {local_task_job_runner.py:123} INFO - ::group::Pre task execution logs
[2026-06-02T19:57:03.508+0700] {taskinstance.py:2613} INFO - Dependencies all met for dep_context=non-requeueable deps ti=<TaskInstance: dbt_mart_pipeline.dim_customers manual__2026-06-02T12:57:03.010340+00:00 [queued]>
[2026-06-02T19:57:03.525+0700] {taskinstance.py:2613} INFO - Dependencies all met for dep_context=requeueable deps ti=<TaskInstance: dbt_mart_pipeline.dim_customers manual__2026-06-02T12:57:03.010340+00:00 [queued]>
[2026-06-02T19:57:03.526+0700] {taskinstance.py:2866} INFO - Starting attempt 1 of 2
[2026-06-02T19:57:03.555+0700] {taskinstance.py:2889} INFO - Executing <Task(BashOperator): dim_customers> on 2026-06-02 12:57:03.010340+00:00
[2026-06-02T19:57:03.571+0700] {standard_task_runner.py:104} INFO - Running: ['***', 'tasks', 'run', 'dbt_mart_pipeline', 'dim_customers', 'manual__2026-06-02T12:57:03.010340+00:00', '--job-id', '11', '--raw', '--subdir', 'DAGS_FOLDER/dbt_mart_pipeline.py', '--cfg-path', '/tmp/tmpbdfogfzn']
[2026-06-02T19:57:03.574+0700] {logging_mixin.py:190} WARNING - /home/***/.local/lib/python3.12/site-packages/***/task/task_runner/standard_task_runner.py:70 DeprecationWarning: This process (pid=195) is multi-threaded, use of fork() may lead to deadlocks in the child.
[2026-06-02T19:57:03.577+0700] {standard_task_runner.py:72} INFO - Started process 196 to run task
[2026-06-02T19:57:03.577+0700] {standard_task_runner.py:105} INFO - Job 11: Subtask dim_customers
[2026-06-02T19:57:03.700+0700] {task_command.py:467} INFO - Running <TaskInstance: dbt_mart_pipeline.dim_customers manual__2026-06-02T12:57:03.010340+00:00 [running]> on host f8ff8ebf72d1
[2026-06-02T19:57:03.876+0700] {taskinstance.py:3132} INFO - Exporting env vars: AIRFLOW_CTX_DAG_OWNER='***' AIRFLOW_CTX_DAG_ID='dbt_mart_pipeline' AIRFLOW_CTX_TASK_ID='dim_customers' AIRFLOW_CTX_EXECUTION_DATE='2026-06-02T12:57:03.010340+00:00' AIRFLOW_CTX_TRY_NUMBER='1' AIRFLOW_CTX_DAG_RUN_ID='manual__2026-06-02T12:57:03.010340+00:00'
[2026-06-02T19:57:03.879+0700] {taskinstance.py:731} INFO - ::endgroup::
[2026-06-02T19:57:03.930+0700] {subprocess.py:78} INFO - Tmp dir root location: /tmp
[2026-06-02T19:57:03.931+0700] {subprocess.py:88} INFO - Running command: ['/usr/bin/bash', '-c', 'docker exec dbt_runner dbt run --select dim_customers']
[2026-06-02T19:57:03.942+0700] {subprocess.py:99} INFO - Output:
[2026-06-02T19:57:05.555+0700] {subprocess.py:106} INFO - [0m12:57:05  Running with dbt=1.8.2
[2026-06-02T19:57:05.779+0700] {subprocess.py:106} INFO - [0m12:57:05  Registered adapter: postgres=1.8.2
[2026-06-02T19:57:06.035+0700] {subprocess.py:106} INFO - [0m12:57:06  Unable to do partial parsing because of a version mismatch
[2026-06-02T19:57:06.919+0700] {subprocess.py:106} INFO - [0m12:57:06  [[33mWARNING[0m]: Deprecated functionality
[2026-06-02T19:57:06.920+0700] {subprocess.py:106} INFO - The `tests` config has been renamed to `data_tests`. Please see
[2026-06-02T19:57:06.920+0700] {subprocess.py:106} INFO - https://docs.getdbt.com/docs/build/data-tests#new-data_tests-syntax for more
[2026-06-02T19:57:06.921+0700] {subprocess.py:106} INFO - information.
[2026-06-02T19:57:07.282+0700] {subprocess.py:106} INFO - [0m12:57:07  Found 4 models, 6 data tests, 428 macros
[2026-06-02T19:57:07.285+0700] {subprocess.py:106} INFO - [0m12:57:07
[2026-06-02T19:57:08.125+0700] {subprocess.py:106} INFO - [0m12:57:08  Concurrency: 1 threads (target='dev')
[2026-06-02T19:57:08.127+0700] {subprocess.py:106} INFO - [0m12:57:08
[2026-06-02T19:57:08.150+0700] {subprocess.py:106} INFO - [0m12:57:08  1 of 1 START sql table model mart.dim_customers ................................ [RUN]
[2026-06-02T19:57:09.381+0700] {subprocess.py:106} INFO - [0m12:57:09  1 of 1 OK created sql table model mart.dim_customers ........................... [[32mSELECT 103[0m in 1.22s]
[2026-06-02T19:57:09.559+0700] {subprocess.py:106} INFO - [0m12:57:09
[2026-06-02T19:57:09.560+0700] {subprocess.py:106} INFO - [0m12:57:09  Finished running 1 table model in 0 hours 0 minutes and 2.27 seconds (2.27s).
[2026-06-02T19:57:09.616+0700] {subprocess.py:106} INFO - [0m12:57:09
[2026-06-02T19:57:09.617+0700] {subprocess.py:106} INFO - [0m12:57:09  [32mCompleted successfully[0m
[2026-06-02T19:57:09.618+0700] {subprocess.py:106} INFO - [0m12:57:09
[2026-06-02T19:57:09.619+0700] {subprocess.py:106} INFO - [0m12:57:09  Done. PASS=1 WARN=0 ERROR=0 SKIP=0 TOTAL=1
[2026-06-02T19:57:11.315+0700] {subprocess.py:110} INFO - Command exited with return code 0
[2026-06-02T19:57:11.357+0700] {taskinstance.py:340} INFO - ::group::Post task execution logs
[2026-06-02T19:57:11.358+0700] {taskinstance.py:352} INFO - Marking task as SUCCESS. dag_id=dbt_mart_pipeline, task_id=dim_customers, run_id=manual__2026-06-02T12:57:03.010340+00:00, execution_date=20260602T125703, start_date=20260602T125703, end_date=20260602T125711
[2026-06-02T19:57:11.380+0700] {local_task_job_runner.py:266} INFO - Task exited with return code 0
[2026-06-02T19:57:11.411+0700] {taskinstance.py:3895} INFO - 1 downstream tasks scheduled from follow-on schedule check
[2026-06-02T19:57:11.414+0700] {local_task_job_runner.py:245} INFO - ::endgroup::
