[2026-06-02T21:14:30.135+0700] {local_task_job_runner.py:123} INFO - ::group::Pre task execution logs
[2026-06-02T21:14:30.158+0700] {taskinstance.py:2613} INFO - Dependencies all met for dep_context=non-requeueable deps ti=<TaskInstance: dbt_mart_pipeline.dim_customers manual__2026-06-02T14:14:29.192473+00:00 [queued]>
[2026-06-02T21:14:30.168+0700] {taskinstance.py:2613} INFO - Dependencies all met for dep_context=requeueable deps ti=<TaskInstance: dbt_mart_pipeline.dim_customers manual__2026-06-02T14:14:29.192473+00:00 [queued]>
[2026-06-02T21:14:30.169+0700] {taskinstance.py:2866} INFO - Starting attempt 1 of 2
[2026-06-02T21:14:30.188+0700] {taskinstance.py:2889} INFO - Executing <Task(BashOperator): dim_customers> on 2026-06-02 14:14:29.192473+00:00
[2026-06-02T21:14:30.199+0700] {logging_mixin.py:190} WARNING - /home/***/.local/lib/python3.12/site-packages/***/task/task_runner/standard_task_runner.py:70 DeprecationWarning: This process (pid=1102) is multi-threaded, use of fork() may lead to deadlocks in the child.
[2026-06-02T21:14:30.201+0700] {standard_task_runner.py:72} INFO - Started process 1103 to run task
[2026-06-02T21:14:30.199+0700] {standard_task_runner.py:104} INFO - Running: ['***', 'tasks', 'run', 'dbt_mart_pipeline', 'dim_customers', 'manual__2026-06-02T14:14:29.192473+00:00', '--job-id', '16', '--raw', '--subdir', 'DAGS_FOLDER/dbt_mart_pipeline.py', '--cfg-path', '/tmp/tmpxqzpnr57']
[2026-06-02T21:14:30.203+0700] {standard_task_runner.py:105} INFO - Job 16: Subtask dim_customers
[2026-06-02T21:14:30.272+0700] {task_command.py:467} INFO - Running <TaskInstance: dbt_mart_pipeline.dim_customers manual__2026-06-02T14:14:29.192473+00:00 [running]> on host f8ff8ebf72d1
[2026-06-02T21:14:30.395+0700] {taskinstance.py:3132} INFO - Exporting env vars: AIRFLOW_CTX_DAG_OWNER='***' AIRFLOW_CTX_DAG_ID='dbt_mart_pipeline' AIRFLOW_CTX_TASK_ID='dim_customers' AIRFLOW_CTX_EXECUTION_DATE='2026-06-02T14:14:29.192473+00:00' AIRFLOW_CTX_TRY_NUMBER='1' AIRFLOW_CTX_DAG_RUN_ID='manual__2026-06-02T14:14:29.192473+00:00'
[2026-06-02T21:14:30.396+0700] {taskinstance.py:731} INFO - ::endgroup::
[2026-06-02T21:14:30.420+0700] {subprocess.py:78} INFO - Tmp dir root location: /tmp
[2026-06-02T21:14:30.422+0700] {subprocess.py:88} INFO - Running command: ['/usr/bin/bash', '-c', 'docker exec dbt_runner dbt run --select dim_customers']
[2026-06-02T21:14:30.434+0700] {subprocess.py:99} INFO - Output:
[2026-06-02T21:14:32.036+0700] {subprocess.py:106} INFO - [0m14:14:32  Running with dbt=1.8.2
[2026-06-02T21:14:32.241+0700] {subprocess.py:106} INFO - [0m14:14:32  Registered adapter: postgres=1.8.2
[2026-06-02T21:14:32.521+0700] {subprocess.py:106} INFO - [0m14:14:32  Unable to do partial parsing because a project config has changed
[2026-06-02T21:14:33.498+0700] {subprocess.py:106} INFO - [0m14:14:33  [[33mWARNING[0m]: Deprecated functionality
[2026-06-02T21:14:33.499+0700] {subprocess.py:106} INFO - The `tests` config has been renamed to `data_tests`. Please see
[2026-06-02T21:14:33.499+0700] {subprocess.py:106} INFO - https://docs.getdbt.com/docs/build/data-tests#new-data_tests-syntax for more
[2026-06-02T21:14:33.500+0700] {subprocess.py:106} INFO - information.
[2026-06-02T21:14:33.848+0700] {subprocess.py:106} INFO - [0m14:14:33  Found 4 models, 6 data tests, 428 macros
[2026-06-02T21:14:33.851+0700] {subprocess.py:106} INFO - [0m14:14:33
[2026-06-02T21:14:34.481+0700] {subprocess.py:106} INFO - [0m14:14:34  Concurrency: 1 threads (target='dev')
[2026-06-02T21:14:34.482+0700] {subprocess.py:106} INFO - [0m14:14:34
[2026-06-02T21:14:34.487+0700] {subprocess.py:106} INFO - [0m14:14:34  1 of 1 START sql table model mart.dim_customers ................................ [RUN]
[2026-06-02T21:14:35.425+0700] {subprocess.py:106} INFO - [0m14:14:35  1 of 1 OK created sql table model mart.dim_customers ........................... [[32mSELECT 103[0m in 0.93s]
[2026-06-02T21:14:35.601+0700] {subprocess.py:106} INFO - [0m14:14:35
[2026-06-02T21:14:35.606+0700] {subprocess.py:106} INFO - [0m14:14:35  Finished running 1 table model in 0 hours 0 minutes and 1.75 seconds (1.75s).
[2026-06-02T21:14:35.722+0700] {subprocess.py:106} INFO - [0m14:14:35
[2026-06-02T21:14:35.729+0700] {subprocess.py:106} INFO - [0m14:14:35  [32mCompleted successfully[0m
[2026-06-02T21:14:35.732+0700] {subprocess.py:106} INFO - [0m14:14:35
[2026-06-02T21:14:35.734+0700] {subprocess.py:106} INFO - [0m14:14:35  Done. PASS=1 WARN=0 ERROR=0 SKIP=0 TOTAL=1
[2026-06-02T21:14:37.424+0700] {subprocess.py:110} INFO - Command exited with return code 0
[2026-06-02T21:14:37.464+0700] {taskinstance.py:340} INFO - ::group::Post task execution logs
[2026-06-02T21:14:37.465+0700] {taskinstance.py:352} INFO - Marking task as SUCCESS. dag_id=dbt_mart_pipeline, task_id=dim_customers, run_id=manual__2026-06-02T14:14:29.192473+00:00, execution_date=20260602T141429, start_date=20260602T141430, end_date=20260602T141437
[2026-06-02T21:14:37.515+0700] {local_task_job_runner.py:266} INFO - Task exited with return code 0
[2026-06-02T21:14:37.549+0700] {taskinstance.py:3895} INFO - 1 downstream tasks scheduled from follow-on schedule check
[2026-06-02T21:14:37.552+0700] {local_task_job_runner.py:245} INFO - ::endgroup::
